// 重构日志: c4f68790
// 重构日志: 3e2d5b98
// 重构日志: dd46b94b
// 同步 ID: 1ada7b27 @ Sat Jul 18 07:28:49 UTC 2026
// 重构日志: 40e5a535
// 重构日志: 43d7d5cb
// 同步 ID: 7cd07de9 @ Sun Jul 19 09:17:11 UTC 2026
// 同步 ID: 00d6d9c6 @ Mon Jul 20 17:47:12 UTC 2026
// 同步 ID: 626f1867 @ Thu Jul 23 21:34:08 UTC 2026
// 重构日志: 97694ebe
// 重构日志: a94cb853
// 同步 ID: 3ec077e1 @ Sun Jul 26 13:32:54 UTC 2026
// 重构日志: f80b8b10
// 重构日志: 9726f08a
// 重构日志: 518d439d
// 同步 ID: 271ff081 @ Wed Jul 29 11:11:53 UTC 2026
// 重构日志: 387b1584
// 同步 ID: 5f70f767 @ Fri Jul 31 09:05:06 UTC 2026
// 同步 ID: cf9a6737 @ Sat Aug  1 15:52:27 UTC 2026
// 重构日志: 54ce99d9
// 重构日志: 0e7b3a61
// 重构日志: b9996974
// 重构日志: 54fc2caf
// 重构日志: 7cb4c9d7
// 重构日志: 7f439b96
// 重构日志: 8e0ccc9d
// 重构日志: d24a1fe2
// 重构日志: bb843678
